Copyright 1986-2018 Xilinx, Inc. All Rights Reserved.
------------------------------------------------------------------------------------
| Tool Version : Vivado v.2018.2 (win64) Build 2258646 Thu Jun 14 20:03:12 MDT 2018
| Date         : Mon Apr 13 02:51:27 2026
| Host         : CHESIUM-W running 64-bit major release  (build 9200)
| Command      : report_timing_summary -file solver_board_timing_synth.rpt
| Design       : SolverBoard_top
| Device       : 7a35t-cpg236
| Speed File   : -1  PRODUCTION 1.22 2018-03-21
------------------------------------------------------------------------------------

Timing Summary Report

------------------------------------------------------------------------------------------------
| Timer Settings
| --------------
------------------------------------------------------------------------------------------------

  Enable Multi Corner Analysis               :  Yes
  Enable Pessimism Removal                   :  Yes
  Pessimism Removal Resolution               :  Nearest Common Node
  Enable Input Delay Default Clock           :  No
  Enable Preset / Clear Arcs                 :  No
  Disable Flight Delays                      :  No
  Ignore I/O Paths                           :  No
  Timing Early Launch at Borrowing Latches   :  false

  Corner  Analyze    Analyze    
  Name    Max Paths  Min Paths  
  ------  ---------  ---------  
  Slow    Yes        Yes        
  Fast    Yes        Yes        



check_timing report

Table of Contents
-----------------
1. checking no_clock
2. checking constant_clock
3. checking pulse_width_clock
4. checking unconstrained_internal_endpoints
5. checking no_input_delay
6. checking no_output_delay
7. checking multiple_clock
8. checking generated_clocks
9. checking loops
10. checking partial_input_delay
11. checking partial_output_delay
12. checking latch_loops

1. checking no_clock
--------------------
 There are 0 register/latch pins with no clock.


2. checking constant_clock
--------------------------
 There are 0 register/latch pins with constant_clock.


3. checking pulse_width_clock
-----------------------------
 There are 0 register/latch pins which need pulse_width check


4. checking unconstrained_internal_endpoints
--------------------------------------------
 There are 0 pins that are not constrained for maximum delay.

 There are 0 pins that are not constrained for maximum delay due to constant clock.


5. checking no_input_delay
--------------------------
 There are 2 input ports with no input delay specified. (HIGH)

 There are 0 input ports with no input delay but user has a false path constraint.


6. checking no_output_delay
---------------------------
 There are 27 ports with no output delay specified. (HIGH)

 There are 0 ports with no output delay but user has a false path constraint

 There are 0 ports with no output delay but with a timing clock defined on it or propagating through it


7. checking multiple_clock
--------------------------
 There are 0 register/latch pins with multiple clocks.


8. checking generated_clocks
----------------------------
 There are 0 generated clocks that are not connected to a clock source.


9. checking loops
-----------------
 There are 0 combinational loops in the design.


10. checking partial_input_delay
--------------------------------
 There are 0 input ports with partial input delay specified.


11. checking partial_output_delay
---------------------------------
 There are 0 ports with partial output delay specified.


12. checking latch_loops
------------------------
 There are 0 combinational latch loops in the design through latch input



------------------------------------------------------------------------------------------------
| Design Timing Summary
| ---------------------
------------------------------------------------------------------------------------------------

    WNS(ns)      TNS(ns)  TNS Failing Endpoints  TNS Total Endpoints      WHS(ns)      THS(ns)  THS Failing Endpoints  THS Total Endpoints     WPWS(ns)     TPWS(ns)  TPWS Failing Endpoints  TPWS Total Endpoints  
    -------      -------  ---------------------  -------------------      -------      -------  ---------------------  -------------------     --------     --------  ----------------------  --------------------  
      1.320        0.000                      0                14045        0.073        0.000                      0                14045        3.750        0.000                       0                  8467  


All user specified timing constraints are met.


------------------------------------------------------------------------------------------------
| Clock Summary
| -------------
------------------------------------------------------------------------------------------------

Clock        Waveform(ns)       Period(ns)      Frequency(MHz)
-----        ------------       ----------      --------------
sys_clk_pin  {0.000 5.000}      10.000          100.000         


------------------------------------------------------------------------------------------------
| Intra Clock Table
| -----------------
------------------------------------------------------------------------------------------------

Clock             WNS(ns)      TNS(ns)  TNS Failing Endpoints  TNS Total Endpoints      WHS(ns)      THS(ns)  THS Failing Endpoints  THS Total Endpoints     WPWS(ns)     TPWS(ns)  TPWS Failing Endpoints  TPWS Total Endpoints  
-----             -------      -------  ---------------------  -------------------      -------      -------  ---------------------  -------------------     --------     --------  ----------------------  --------------------  
sys_clk_pin         1.320        0.000                      0                14045        0.073        0.000                      0                14045        3.750        0.000                       0                  8467  


------------------------------------------------------------------------------------------------
| Inter Clock Table
| -----------------
------------------------------------------------------------------------------------------------

From Clock    To Clock          WNS(ns)      TNS(ns)  TNS Failing Endpoints  TNS Total Endpoints      WHS(ns)      THS(ns)  THS Failing Endpoints  THS Total Endpoints  
----------    --------          -------      -------  ---------------------  -------------------      -------      -------  ---------------------  -------------------  


------------------------------------------------------------------------------------------------
| Other Path Groups Table
| -----------------------
------------------------------------------------------------------------------------------------

Path Group    From Clock    To Clock          WNS(ns)      TNS(ns)  TNS Failing Endpoints  TNS Total Endpoints      WHS(ns)      THS(ns)  THS Failing Endpoints  THS Total Endpoints  
----------    ----------    --------          -------      -------  ---------------------  -------------------      -------      -------  ---------------------  -------------------  


------------------------------------------------------------------------------------------------
| Timing Details
| --------------
------------------------------------------------------------------------------------------------


---------------------------------------------------------------------------------------------------
From Clock:  sys_clk_pin
  To Clock:  sys_clk_pin

Setup :            0  Failing Endpoints,  Worst Slack        1.320ns,  Total Violation        0.000ns
Hold  :            0  Failing Endpoints,  Worst Slack        0.073ns,  Total Violation        0.000ns
PW    :            0  Failing Endpoints,  Worst Slack        3.750ns,  Total Violation        0.000ns
---------------------------------------------------------------------------------------------------


Max Delay Paths
--------------------------------------------------------------------------------------
Slack (MET) :             1.320ns  (required time - arrival time)
  Source:                 line_assembler_inst/line_data_reg[58]/C
                            (rising edge-triggered cell FDRE clocked by sys_clk_pin  {rise@0.000ns fall@5.000ns period=10.000ns})
  Destination:            parser_inst/next_component_idx_reg[0]/R
                            (rising edge-triggered cell FDRE clocked by sys_clk_pin  {rise@0.000ns fall@5.000ns period=10.000ns})
  Path Group:             sys_clk_pin
  Path Type:              Setup (Max at Slow Process Corner)
  Requirement:            10.000ns  (sys_clk_pin rise@10.000ns - sys_clk_pin rise@0.000ns)
  Data Path Delay:        8.067ns  (logic 2.687ns (33.309%)  route 5.380ns (66.691%))
  Logic Levels:           11  (CARRY4=2 LUT2=1 LUT3=1 LUT4=1 LUT5=1 LUT6=5)
  Clock Path Skew:        -0.145ns (DCD - SCD + CPR)
    Destination Clock Delay (DCD):    2.678ns = ( 12.678 - 10.000 ) 
    Source Clock Delay      (SCD):    2.938ns
    Clock Pessimism Removal (CPR):    0.115ns
  Clock Uncertainty:      0.035ns  ((TSJ^2 + TIJ^2)^1/2 + DJ) / 2 + PE
    Total System Jitter     (TSJ):    0.071ns
    Total Input Jitter      (TIJ):    0.000ns
    Discrete Jitter          (DJ):    0.000ns
    Phase Error              (PE):    0.000ns

    Location             Delay type                Incr(ns)  Path(ns)    Netlist Resource(s)
  -------------------------------------------------------------------    -------------------
                         (clock sys_clk_pin rise edge)
                                                      0.000     0.000 r  
    W5                                                0.000     0.000 r  CLK100MHZ (IN)
                         net (fo=0)                   0.000     0.000    CLK100MHZ
    W5                   IBUF (Prop_ibuf_I_O)         1.458     1.458 r  CLK100MHZ_IBUF_inst/O
                         net (fo=1, unplaced)         0.800     2.258    CLK100MHZ_IBUF
                         BUFG (Prop_bufg_I_O)         0.096     2.354 r  CLK100MHZ_IBUF_BUFG_inst/O
                         net (fo=8466, unplaced)      0.584     2.938    line_assembler_inst/CLK100MHZ_IBUF_BUFG
                         FDRE                                         r  line_assembler_inst/line_data_reg[58]/C
  -------------------------------------------------------------------    -------------------
                         FDRE (Prop_fdre_C_Q)         0.456     3.394 r  line_assembler_inst/line_data_reg[58]/Q
                         net (fo=6, unplaced)         0.502     3.896    line_assembler_inst/line_data[58]
                         LUT2 (Prop_lut2_I0_O)        0.321     4.217 f  line_assembler_inst/expected_frame[3]_i_3/O
                         net (fo=1, unplaced)         0.449     4.666    line_assembler_inst/expected_frame[3]_i_3_n_0
                         LUT6 (Prop_lut6_I0_O)        0.124     4.790 r  line_assembler_inst/expected_frame[3]_i_2/O
                         net (fo=6, unplaced)         0.481     5.271    line_assembler_inst/expected_frame[3]_i_2_n_0
                         LUT3 (Prop_lut3_I2_O)        0.124     5.395 r  line_assembler_inst/expected_frame[1]_i_1/O
                         net (fo=5, unplaced)         0.930     6.325    parser_inst/line_data_reg[35][1]
                         LUT6 (Prop_lut6_I1_O)        0.124     6.449 r  parser_inst/parse_error_i_45/O
                         net (fo=1, unplaced)         0.000     6.449    line_assembler_inst/S[0]
                         CARRY4 (Prop_carry4_S[0]_CO[3])
                                                      0.532     6.981 r  line_assembler_inst/parse_error_reg_i_28/CO[3]
                         net (fo=1, unplaced)         0.009     6.990    parser_inst/CO[0]
                         CARRY4 (Prop_carry4_CI_CO[1])
                                                      0.178     7.168 r  parser_inst/parse_error_reg_i_12/CO[1]
                         net (fo=9, unplaced)         0.353     7.521    line_assembler_inst/expected_frame_reg[15]_0[0]
                         LUT6 (Prop_lut6_I2_O)        0.332     7.853 r  line_assembler_inst/snapshot_end_elem_count[7]_i_12/O
                         net (fo=1, unplaced)         0.449     8.302    line_assembler_inst/snapshot_end_elem_count[7]_i_12_n_0
                         LUT6 (Prop_lut6_I2_O)        0.124     8.426 r  line_assembler_inst/snapshot_end_elem_count[7]_i_7/O
                         net (fo=2, unplaced)         0.460     8.886    line_assembler_inst/snapshot_end_elem_count[7]_i_7_n_0
                         LUT6 (Prop_lut6_I5_O)        0.124     9.010 r  line_assembler_inst/snapshot_end_elem_count[7]_i_4/O
                         net (fo=7, unplaced)         0.484     9.494    line_assembler_inst/snapshot_end_elem_count_reg[0]
                         LUT5 (Prop_lut5_I3_O)        0.124     9.618 r  line_assembler_inst/next_component_idx[7]_i_4/O
                         net (fo=1, unplaced)         0.449    10.067    line_assembler_inst/next_component_idx[7]_i_4_n_0
                         LUT4 (Prop_lut4_I2_O)        0.124    10.191 r  line_assembler_inst/next_component_idx[7]_i_1/O
                         net (fo=8, unplaced)         0.814    11.005    parser_inst/line_valid_reg_5[0]
                         FDRE                                         r  parser_inst/next_component_idx_reg[0]/R
  -------------------------------------------------------------------    -------------------

                         (clock sys_clk_pin rise edge)
                                                     10.000    10.000 r  
    W5                                                0.000    10.000 r  CLK100MHZ (IN)
                         net (fo=0)                   0.000    10.000    CLK100MHZ
    W5                   IBUF (Prop_ibuf_I_O)         1.388    11.388 r  CLK100MHZ_IBUF_inst/O
                         net (fo=1, unplaced)         0.760    12.148    CLK100MHZ_IBUF
                         BUFG (Prop_bufg_I_O)         0.091    12.239 r  CLK100MHZ_IBUF_BUFG_inst/O
                         net (fo=8466, unplaced)      0.439    12.678    parser_inst/CLK100MHZ_IBUF_BUFG
                         FDRE                                         r  parser_inst/next_component_idx_reg[0]/C
                         clock pessimism              0.115    12.793    
                         clock uncertainty           -0.035    12.758    
                         FDRE (Setup_fdre_C_R)       -0.433    12.325    parser_inst/next_component_idx_reg[0]
  -------------------------------------------------------------------
                         required time                         12.325    
                         arrival time                         -11.005    
  -------------------------------------------------------------------
                         slack                                  1.320    





Min Delay Paths
--------------------------------------------------------------------------------------
Slack (MET) :             0.073ns  (arrival time - required time)
  Source:                 pipeline_inst/a_store/gen_accum_fma.accum_add_inst/fma_inst/U0/i_synth/FMA_OP.OP/addsub/add/ALIGN_BLK/FRAC_ADDSUB/LOGIC_ADD.FRAC_ADDSUB/LRG_RND1_DEL/i_pipe/opt_has_pipe.first_q_reg[0]/C
                            (rising edge-triggered cell FDRE clocked by sys_clk_pin  {rise@0.000ns fall@5.000ns period=10.000ns})
  Destination:            pipeline_inst/a_store/gen_accum_fma.accum_add_inst/fma_inst/U0/i_synth/FMA_OP.OP/addsub/add/ALIGN_BLK/FRAC_ADDSUB/LOGIC_ADD.FRAC_ADDSUB/LRG_RND1_DEL/i_pipe/opt_has_pipe.i_pipe[3].pipe_reg[3][0]_srl2/D
                            (rising edge-triggered cell SRL16E clocked by sys_clk_pin  {rise@0.000ns fall@5.000ns period=10.000ns})
  Path Group:             sys_clk_pin
  Path Type:              Hold (Min at Fast Process Corner)
  Requirement:            0.000ns  (sys_clk_pin rise@0.000ns - sys_clk_pin rise@0.000ns)
  Data Path Delay:        0.282ns  (logic 0.141ns (50.038%)  route 0.141ns (49.962%))
  Logic Levels:           0  
  Clock Path Skew:        0.145ns (DCD - SCD - CPR)
    Destination Clock Delay (DCD):    1.057ns
    Source Clock Delay      (SCD):    0.704ns
    Clock Pessimism Removal (CPR):    0.208ns

    Location             Delay type                Incr(ns)  Path(ns)    Netlist Resource(s)
  -------------------------------------------------------------------    -------------------
                         (clock sys_clk_pin rise edge)
                                                      0.000     0.000 r  
    W5                                                0.000     0.000 r  CLK100MHZ (IN)
                         net (fo=0)                   0.000     0.000    CLK100MHZ
    W5                   IBUF (Prop_ibuf_I_O)         0.226     0.226 r  CLK100MHZ_IBUF_inst/O
                         net (fo=1, unplaced)         0.337     0.564    CLK100MHZ_IBUF
                         BUFG (Prop_bufg_I_O)         0.026     0.590 r  CLK100MHZ_IBUF_BUFG_inst/O
                         net (fo=8466, unplaced)      0.114     0.704    pipeline_inst/a_store/gen_accum_fma.accum_add_inst/fma_inst/U0/i_synth/FMA_OP.OP/addsub/add/ALIGN_BLK/FRAC_ADDSUB/LOGIC_ADD.FRAC_ADDSUB/LRG_RND1_DEL/i_pipe/aclk
                         FDRE                                         r  pipeline_inst/a_store/gen_accum_fma.accum_add_inst/fma_inst/U0/i_synth/FMA_OP.OP/addsub/add/ALIGN_BLK/FRAC_ADDSUB/LOGIC_ADD.FRAC_ADDSUB/LRG_RND1_DEL/i_pipe/opt_has_pipe.first_q_reg[0]/C
  -------------------------------------------------------------------    -------------------
                         FDRE (Prop_fdre_C_Q)         0.141     0.845 r  pipeline_inst/a_store/gen_accum_fma.accum_add_inst/fma_inst/U0/i_synth/FMA_OP.OP/addsub/add/ALIGN_BLK/FRAC_ADDSUB/LOGIC_ADD.FRAC_ADDSUB/LRG_RND1_DEL/i_pipe/opt_has_pipe.first_q_reg[0]/Q
                         net (fo=1, unplaced)         0.141     0.985    pipeline_inst/a_store/gen_accum_fma.accum_add_inst/fma_inst/U0/i_synth/FMA_OP.OP/addsub/add/ALIGN_BLK/FRAC_ADDSUB/LOGIC_ADD.FRAC_ADDSUB/LRG_RND1_DEL/i_pipe/opt_has_pipe.first_q_reg_n_0_[0]
                         SRL16E                                       r  pipeline_inst/a_store/gen_accum_fma.accum_add_inst/fma_inst/U0/i_synth/FMA_OP.OP/addsub/add/ALIGN_BLK/FRAC_ADDSUB/LOGIC_ADD.FRAC_ADDSUB/LRG_RND1_DEL/i_pipe/opt_has_pipe.i_pipe[3].pipe_reg[3][0]_srl2/D
  -------------------------------------------------------------------    -------------------

                         (clock sys_clk_pin rise edge)
                                                      0.000     0.000 r  
    W5                                                0.000     0.000 r  CLK100MHZ (IN)
                         net (fo=0)                   0.000     0.000    CLK100MHZ
    W5                   IBUF (Prop_ibuf_I_O)         0.414     0.414 r  CLK100MHZ_IBUF_inst/O
                         net (fo=1, unplaced)         0.355     0.769    CLK100MHZ_IBUF
                         BUFG (Prop_bufg_I_O)         0.029     0.798 r  CLK100MHZ_IBUF_BUFG_inst/O
                         net (fo=8466, unplaced)      0.259     1.057    pipeline_inst/a_store/gen_accum_fma.accum_add_inst/fma_inst/U0/i_synth/FMA_OP.OP/addsub/add/ALIGN_BLK/FRAC_ADDSUB/LOGIC_ADD.FRAC_ADDSUB/LRG_RND1_DEL/i_pipe/aclk
                         SRL16E                                       r  pipeline_inst/a_store/gen_accum_fma.accum_add_inst/fma_inst/U0/i_synth/FMA_OP.OP/addsub/add/ALIGN_BLK/FRAC_ADDSUB/LOGIC_ADD.FRAC_ADDSUB/LRG_RND1_DEL/i_pipe/opt_has_pipe.i_pipe[3].pipe_reg[3][0]_srl2/CLK
                         clock pessimism             -0.208     0.849    
                         SRL16E (Hold_srl16e_CLK_D)
                                                      0.064     0.913    pipeline_inst/a_store/gen_accum_fma.accum_add_inst/fma_inst/U0/i_synth/FMA_OP.OP/addsub/add/ALIGN_BLK/FRAC_ADDSUB/LOGIC_ADD.FRAC_ADDSUB/LRG_RND1_DEL/i_pipe/opt_has_pipe.i_pipe[3].pipe_reg[3][0]_srl2
  -------------------------------------------------------------------
                         required time                         -0.913    
                         arrival time                           0.985    
  -------------------------------------------------------------------
                         slack                                  0.073    





Pulse Width Checks
--------------------------------------------------------------------------------------
Clock Name:         sys_clk_pin
Waveform(ns):       { 0.000 5.000 }
Period(ns):         10.000
Sources:            { CLK100MHZ }

Check Type        Corner  Lib Pin             Reference Pin  Required(ns)  Actual(ns)  Slack(ns)  Location  Pin
Min Period        n/a     RAMB18E1/CLKARDCLK  n/a            2.944         10.000      7.056                pipeline_inst/j_store/mem_inst/mem_reg/CLKARDCLK
Low Pulse Width   Fast    RAMD32/CLK          n/a            1.250         5.000       3.750                pipeline_inst/netlist_store/kind_mem_reg_r1_0_31_0_5/RAMA/CLK
High Pulse Width  Slow    RAMD32/CLK          n/a            1.250         5.000       3.750                pipeline_inst/netlist_store/kind_mem_reg_r1_0_31_0_5/RAMA/CLK



